// Jest Snapshot v1, https://goo.gl/fbAQLP

exports[`Container loaded Should render title 1`] = `
<h2>
  title 1
</h2>
`;
