// Jest Snapshot v1, https://goo.gl/fbAQLP

exports[`Footer Should match snapshot 1`] = `
<WithStyles(ForwardRef(Container))
  className="className"
  component="footer"
  disableGutters={true}
  fixed={true}
>
  <span>
    Â© 2020 All rights reserved
  </span>
</WithStyles(ForwardRef(Container))>
`;
