// Jest Snapshot v1, https://goo.gl/fbAQLP

exports[`LoadingIndicator 1`] = `
<div
  className="flexBox flexGrow-1 flexShrink-1 justifyContentCenter"
>
  <div
    className="nav-loading__indicator"
  />
</div>
`;
