// Jest Snapshot v1, https://goo.gl/fbAQLP

exports[`Menu 1`] = `
<nav
  className="flexBox container"
  id="menu"
>
  <a
    aria-current="page"
    className="item active"
    href="#/"
    onClick={[Function]}
    style={Object {}}
  >
    Main
  </a>
  <a
    aria-current={null}
    className="item"
    href="#/about"
    onClick={[Function]}
  >
    About
  </a>
  <a
    aria-current={null}
    className="item"
    href="#/blog"
    onClick={[Function]}
  >
    Blog
  </a>
  <a
    aria-current={null}
    className="item"
    href="#/career"
    onClick={[Function]}
  >
    Career
  </a>
  <a
    aria-current={null}
    className="item"
    href="#/contacts"
    onClick={[Function]}
  >
    Contacts
  </a>
</nav>
`;
